***** EXECUTE: "grammar.gql" *****
[0]:	{create: 'file_resource', group: [{file_meta:['color','size','path','filename','type','datetime','addtime','width','height'], index:['color','size','type','datetime','addtime']}, {tag: 'name'}, {directory: 'path'}, {keyword: 'name'}, ['tag', 'relation_tag', 'file_meta'], ['directory', 'relation_dir', 'file_meta'], ['keyword', 'relation_kw', 'file_meta']]};
CREATE SUCCESS
[1]:	{upset: 'file_meta', vertex: [[2734686464, {datetime:0d1600577894000,filename:'f2d470a08a1011eab5a4993e17631b31.jpg~tplv-banciyuan-w650.jpg',hash:'unknow',height:650,path:'C:\Users\webberg\Pictures\f2d470a08a1011eab5a4993e17631b31.jpg~tplv-banciyuan-w650.jpg',size:207879,type:'unknow',width:650}]]};
UPSET SUCCESS
[2]:	{upset: 'file_meta', vertex: [[2234686464, {datetime:0d1600577894000,filename:'06cc22608a1111eab5a4993e17631b31.jpg~tplv-banciyuan-w650.jpg',hash:'unknow',height:650,path:'C:\Users\webberg\Pictures\06cc22608a1111eab5a4993e17631b31.jpg~tplv-banciyuan-w650.jpg',size:207879,type:'unknow',width:650}]]};
UPSET SUCCESS
[3]:	{upset: 'file_meta', property: {filename: 'newfile.jpg'}, where: {id: 2234686464}};
UPSET SUCCESS
[4]:	{upset: 'directory', vertex: ['type1']};
UPSET SUCCESS
[5]:	{upset: 'relation_dir', edge: ['type1', --, 2734686464]};
UPSET SUCCESS
[6]:	{upset: 'relation_dir', edge: ['type2', --, 2734686464]};
UPSET SUCCESS
[7]:	{upset: 'tag', vertex: [['test', {name: 'test'}]]};
UPSET SUCCESS
[8]:	{upset: 'tag', vertex: [['图片', {name: '图片'}]]};
UPSET SUCCESS
[9]:	{upset: 'keyword', vertex: ['keyword1']};
UPSET SUCCESS
[10]:	{upset: 'relation_tag', edge: ['test', --, 2234686464]};
UPSET SUCCESS
[11]:	{upset: 'relation_tag', edge: ['test', --, 2734686464]};
UPSET SUCCESS
[12]:	{upset: 'relation_tag', edge: ['test', --, 2734686976]};
UPSET SUCCESS
[13]:	{upset: 'relation_tag', edge: ['test', --, 2734687232]};
UPSET SUCCESS
[14]:	{upset: 'relation_tag', edge: ['图片', --, 2734687232]};
UPSET SUCCESS
[15]:	{upset: 'relation_kw', edge: ['keyword1', --, 2734687232]};
UPSET SUCCESS
[16]:	{query: 'file_meta', in: 'file_resource', where: {id: 2415919360}};
QUERY SUCCESS
[17]:	{upset: 'file_meta', property: {datetime:0d1600577994}, where: {id: 2234686464}};
UPSET SUCCESS
[18]:	{query: 'file_meta', in: 'file_resource', where: {id: 2234686464}};
[2234686464, {"datetime":"0d1600577994","filename":"newfile.jpg","hash":"unknow","height":650,"path":"C:\\Users\\webberg\\Pictures\\06cc22608a1111eab5a4993e17631b31.jpg~tplv-banciyuan-w650.jpg","size":207879,"type":"unknow","width":650}]
QUERY SUCCESS
[19]:	{query: 'relation_tag', in: 'file_resource', where: ['test', --, 2734686464]};
['test', --, 2734686464]
QUERY SUCCESS
[20]:	{query: 'relation_tag', in: 'file_resource', where: ['图片', --, *]};
['图片', --, 2734687232]
QUERY SUCCESS
[21]:	{upset: 'tag', property: {name: 'new_tag'}, where: {id: 'test'}};
UPSET SUCCESS
[22]:	{query: 'relation_tag', in: 'file_resource', where: ['test', --, *]};
['test', --, 2734686464]
['test', --, 2734686976]
['test', --, 2734687232]
['test', --, 2234686464]
QUERY SUCCESS
[23]:	{remove: 'directory', vertex: {id: 'type1'}};
REMOVE SUCCESS
[24]:	{query: 'relation_dir', in: 'file_resource', where: [2734686464, --, *]};
['type2', --, 2734686464]
QUERY SUCCESS
[25]:	{query: 'relation_dir', in: 'file_resource'};
['type2', --, 2734686464]
QUERY SUCCESS
[26]:	{remove: 'relation_dir', edge: [2734686464, --, *]};
REMOVE SUCCESS
[27]:	{remove: 'file_meta', vertex: {id: 2734686464}};
REMOVE SUCCESS
[28]:	{query: 'relation_tag', in: 'file_resource'};
['test', --, 2734686976]
['test', --, 2734687232]
['test', --, 2234686464]
['图片', --, 2734687232]
QUERY SUCCESS
[29]:	{remove: 'relation_tag', edge: [2734686464, --, *]};
REMOVE SUCCESS
[30]:	{query: 'relation_tag', in: 'file_resource'};
['test', --, 2734686976]
['test', --, 2734687232]
['test', --, 2234686464]
['图片', --, 2734687232]
QUERY SUCCESS
[31]:	{remove: 'relation_tag', edge: [2734686720, --, *]};
REMOVE SUCCESS
[32]:	{remove: 'relation_tag', edge: [2734686976, --, *]};
REMOVE SUCCESS
[33]:	{remove: 'relation_kw', edge: [2734686976, --, *]};
REMOVE SUCCESS
[34]:	{dump: 'file_resource'};
{create: 'file_resource', group: [{directory: []},{file_meta: [], index: ['addtime','color','datetime','size','type']},{keyword: []},['directory', 'relation_dir', 'file_meta'],['keyword', 'relation_kw', 'file_meta'],['tag', 'relation_tag', 'file_meta'],{tag: []}]};
{upset: 'file_meta', vertex: [2234686464, {'datetime':0d1600577994,'filename':'newfile.jpg','hash':'unknow','height':650,'path':'C:\\Users\\webberg\\Pictures\\06cc22608a1111eab5a4993e17631b31.jpg~tplv-banciyuan-w650.jpg','size':207879,'type':'unknow','width':650}]};
{upset: 'keyword', vertex: ['keyword1']};
{upset: 'tag', vertex: ['test', {'name':'new_tag'}]};
{upset: 'tag', vertex: ['图片', {'name':'图片'}]};
EXECUTE COMMAND SUCCESS
[35]:	{drop: 'file_resource'};
DROP SUCCESS
***** EXECUTE FINISH: "grammar.gql" *****
